[   23259ms] [LOG] Angular is running in development mode. @ http://localhost:43503/@fs/Users/damiennicolleau/git/C8oForms/_private/ionic/.angular/cache/20.3.29/app/vite/deps/chunk-IHWI76G3.js?v=de1cbe17:14913
[   23283ms] [LOG] inject.js initialized! @ :334
[   25949ms] [WARNING] BABEL_TYPES_8_BREAKING is not supported anymore. Use the latest Babel 8.0.0 pre-release instead! @ http://localhost:43503/@fs/Users/damiennicolleau/git/C8oForms/_private/ionic/.angular/cache/20.3.29/app/vite/deps/@babel_traverse.js?v=de1cbe17:14560
[   74866ms] [INFO] Autofocus processing was blocked because a document already has a focused element. @ http://localhost:43503/login/:formId/selectorPage/:edit/:published/:d/:e:0
[ 1873002ms] [LOG] Angular is running in development mode. @ http://localhost:43503/@fs/Users/damiennicolleau/git/C8oForms/_private/ionic/.angular/cache/20.3.29/app/vite/deps/chunk-IHWI76G3.js?v=de1cbe17:14913
[ 1873023ms] [LOG] inject.js initialized! @ :334
[ 1877755ms] [WARNING] BABEL_TYPES_8_BREAKING is not supported anymore. Use the latest Babel 8.0.0 pre-release instead! @ http://localhost:43503/@fs/Users/damiennicolleau/git/C8oForms/_private/ionic/.angular/cache/20.3.29/app/vite/deps/@babel_traverse.js?v=de1cbe17:14560
[ 2023447ms] [LOG] Angular is running in development mode. @ http://localhost:43503/@fs/Users/damiennicolleau/git/C8oForms/_private/ionic/.angular/cache/20.3.29/app/vite/deps/chunk-IHWI76G3.js?v=de1cbe17:14913
[ 2023463ms] [LOG] inject.js initialized! @ :334
[ 2025803ms] [WARNING] BABEL_TYPES_8_BREAKING is not supported anymore. Use the latest Babel 8.0.0 pre-release instead! @ http://localhost:43503/@fs/Users/damiennicolleau/git/C8oForms/_private/ionic/.angular/cache/20.3.29/app/vite/deps/@babel_traverse.js?v=de1cbe17:14560
[ 2042722ms] [LOG] Angular is running in development mode. @ http://localhost:43503/@fs/Users/damiennicolleau/git/C8oForms/_private/ionic/.angular/cache/20.3.29/app/vite/deps/chunk-IHWI76G3.js?v=de1cbe17:14913
[ 2042741ms] [LOG] inject.js initialized! @ :334
[ 2045754ms] [WARNING] BABEL_TYPES_8_BREAKING is not supported anymore. Use the latest Babel 8.0.0 pre-release instead! @ http://localhost:43503/@fs/Users/damiennicolleau/git/C8oForms/_private/ionic/.angular/cache/20.3.29/app/vite/deps/@babel_traverse.js?v=de1cbe17:14560
[ 2050421ms] [LOG] Angular is running in development mode. @ http://localhost:43503/@fs/Users/damiennicolleau/git/C8oForms/_private/ionic/.angular/cache/20.3.29/app/vite/deps/chunk-IHWI76G3.js?v=de1cbe17:14913
[ 2050436ms] [LOG] inject.js initialized! @ :334
[ 2052709ms] [WARNING] BABEL_TYPES_8_BREAKING is not supported anymore. Use the latest Babel 8.0.0 pre-release instead! @ http://localhost:43503/@fs/Users/damiennicolleau/git/C8oForms/_private/ionic/.angular/cache/20.3.29/app/vite/deps/@babel_traverse.js?v=de1cbe17:14560
[ 2073479ms] [LOG] Angular is running in development mode. @ http://localhost:43503/@fs/Users/damiennicolleau/git/C8oForms/_private/ionic/.angular/cache/20.3.29/app/vite/deps/chunk-IHWI76G3.js?v=de1cbe17:14913
[ 2073496ms] [LOG] inject.js initialized! @ :334
[ 2075544ms] [WARNING] BABEL_TYPES_8_BREAKING is not supported anymore. Use the latest Babel 8.0.0 pre-release instead! @ http://localhost:43503/@fs/Users/damiennicolleau/git/C8oForms/_private/ionic/.angular/cache/20.3.29/app/vite/deps/@babel_traverse.js?v=de1cbe17:14560
[ 2088399ms] [LOG] Angular is running in development mode. @ http://localhost:43503/@fs/Users/damiennicolleau/git/C8oForms/_private/ionic/.angular/cache/20.3.29/app/vite/deps/chunk-IHWI76G3.js?v=de1cbe17:14913
[ 2088418ms] [LOG] inject.js initialized! @ :334
[ 2090633ms] [WARNING] BABEL_TYPES_8_BREAKING is not supported anymore. Use the latest Babel 8.0.0 pre-release instead! @ http://localhost:43503/@fs/Users/damiennicolleau/git/C8oForms/_private/ionic/.angular/cache/20.3.29/app/vite/deps/@babel_traverse.js?v=de1cbe17:14560
[ 2306316ms] [LOG] Angular is running in development mode. @ http://localhost:43503/@fs/Users/damiennicolleau/git/C8oForms/_private/ionic/.angular/cache/20.3.29/app/vite/deps/chunk-IHWI76G3.js?v=de1cbe17:14913
[ 2306332ms] [LOG] inject.js initialized! @ :334
[ 2308504ms] [WARNING] BABEL_TYPES_8_BREAKING is not supported anymore. Use the latest Babel 8.0.0 pre-release instead! @ http://localhost:43503/@fs/Users/damiennicolleau/git/C8oForms/_private/ionic/.angular/cache/20.3.29/app/vite/deps/@babel_traverse.js?v=de1cbe17:14560
[ 2346522ms] [LOG] Angular is running in development mode. @ http://localhost:43503/@fs/Users/damiennicolleau/git/C8oForms/_private/ionic/.angular/cache/20.3.29/app/vite/deps/chunk-IHWI76G3.js?v=de1cbe17:14913
[ 2346538ms] [LOG] inject.js initialized! @ :334
[ 2348844ms] [WARNING] BABEL_TYPES_8_BREAKING is not supported anymore. Use the latest Babel 8.0.0 pre-release instead! @ http://localhost:43503/@fs/Users/damiennicolleau/git/C8oForms/_private/ionic/.angular/cache/20.3.29/app/vite/deps/@babel_traverse.js?v=de1cbe17:14560
[ 2364391ms] [LOG] Angular is running in development mode. @ http://localhost:43503/@fs/Users/damiennicolleau/git/C8oForms/_private/ionic/.angular/cache/20.3.29/app/vite/deps/chunk-IHWI76G3.js?v=de1cbe17:14913
[ 2364409ms] [LOG] inject.js initialized! @ :334
[ 2366468ms] [WARNING] BABEL_TYPES_8_BREAKING is not supported anymore. Use the latest Babel 8.0.0 pre-release instead! @ http://localhost:43503/@fs/Users/damiennicolleau/git/C8oForms/_private/ionic/.angular/cache/20.3.29/app/vite/deps/@babel_traverse.js?v=de1cbe17:14560
[ 2390398ms] [LOG] Angular is running in development mode. @ http://localhost:43503/@fs/Users/damiennicolleau/git/C8oForms/_private/ionic/.angular/cache/20.3.29/app/vite/deps/chunk-IHWI76G3.js?v=de1cbe17:14913
[ 2390418ms] [LOG] inject.js initialized! @ :334
[ 2392797ms] [WARNING] BABEL_TYPES_8_BREAKING is not supported anymore. Use the latest Babel 8.0.0 pre-release instead! @ http://localhost:43503/@fs/Users/damiennicolleau/git/C8oForms/_private/ionic/.angular/cache/20.3.29/app/vite/deps/@babel_traverse.js?v=de1cbe17:14560
[ 2410416ms] [LOG] Angular is running in development mode. @ http://localhost:43503/@fs/Users/damiennicolleau/git/C8oForms/_private/ionic/.angular/cache/20.3.29/app/vite/deps/chunk-IHWI76G3.js?v=de1cbe17:14913
[ 2410433ms] [LOG] inject.js initialized! @ :334
[ 2412873ms] [WARNING] BABEL_TYPES_8_BREAKING is not supported anymore. Use the latest Babel 8.0.0 pre-release instead! @ http://localhost:43503/@fs/Users/damiennicolleau/git/C8oForms/_private/ionic/.angular/cache/20.3.29/app/vite/deps/@babel_traverse.js?v=de1cbe17:14560
[ 3145955ms] [LOG] Angular is running in development mode. @ http://localhost:43503/@fs/Users/damiennicolleau/git/C8oForms/_private/ionic/.angular/cache/20.3.29/app/vite/deps/chunk-IHWI76G3.js?v=de1cbe17:14913
[ 3145980ms] [LOG] inject.js initialized! @ :334
[ 3151140ms] [WARNING] BABEL_TYPES_8_BREAKING is not supported anymore. Use the latest Babel 8.0.0 pre-release instead! @ http://localhost:43503/@fs/Users/damiennicolleau/git/C8oForms/_private/ionic/.angular/cache/20.3.29/app/vite/deps/@babel_traverse.js?v=de1cbe17:14560
